d:\vsworkspace\assignment2\build\assignment2\debug\player.obj
d:\vsworkspace\assignment2\build\assignment2\debug\bullet.obj
d:\vsworkspace\assignment2\build\assignment2\debug\main.obj
d:\vsworkspace\assignment2\build\assignment2\debug\application.obj
d:\vsworkspace\assignment2\build\assignment2\debug\asteroid.obj
d:\vsworkspace\assignment2\build\assignment2\debug\grid.obj
d:\vsworkspace\assignment2\build\assignment2\debug\game_camera.obj
d:\vsworkspace\assignment2\build\assignment2\debug\starfield.obj
d:\vsworkspace\assignment2\build\assignment2\debug\math_utils.obj
d:\vsworkspace\assignment2\build\assignment2\debug\vc143.pdb
d:\vsworkspace\assignment2\build\assignment2\debug\main_menu.obj
d:\vsworkspace\assignment2\build\assignment2\debug\filesystem.obj
d:\vsworkspace\assignment2\build\assignment2\debug\asset_registry.obj
d:\vsworkspace\assignment2\build\assignment2\debug\hash.obj
d:\vsworkspace\assignment2\build\assignment2\debug\sprite.obj
d:\vsworkspace\assignment2\build\assignment2\debug\texture_manager.obj
d:\vsworkspace\assignment2\build\assignment2\debug\transform.obj
d:\vsworkspace\assignment2\build\assignment2\debug\entity.obj
d:\vsworkspace\assignment2\build\assignment2\debug\game_over_screen.obj
d:\vsworkspace\assignment2\build\assignment2.debug.exe
d:\vsworkspace\assignment2\build\assignment2.debug.pdb
d:\vsworkspace\assignment2\build\assignment2\debug\assignment2.tlog\cl.command.1.tlog
d:\vsworkspace\assignment2\build\assignment2\debug\assignment2.tlog\cl.items.tlog
d:\vsworkspace\assignment2\build\assignment2\debug\assignment2.tlog\cl.read.1.tlog
d:\vsworkspace\assignment2\build\assignment2\debug\assignment2.tlog\cl.write.1.tlog
d:\vsworkspace\assignment2\build\assignment2\debug\assignment2.tlog\link.command.1.tlog
d:\vsworkspace\assignment2\build\assignment2\debug\assignment2.tlog\link.read.1.tlog
d:\vsworkspace\assignment2\build\assignment2\debug\assignment2.tlog\link.secondary.1.tlog
d:\vsworkspace\assignment2\build\assignment2\debug\assignment2.tlog\link.write.1.tlog
